// Jest Snapshot v1, https://goo.gl/fbAQLP

exports[`Should render Header component 1`] = `
<header>
  <h1>
    Expensify
  </h1>
</header>
`;
