// Jest Snapshot v1, https://goo.gl/fbAQLP

exports[`Should render LoginPage properly 1`] = `
<div>
  <h1>
    <button>
      Login
    </button>
    <button>
      Sign Up!
    </button>
  </h1>
</div>
`;
